// Jest Snapshot v1, https://goo.gl/fbAQLP

exports[`class-name prop 1`] = `<div class="van-overlay my-overlay" style="z-index: 1;" name="van-fade"></div>`;

exports[`custom style prop 1`] = `<div class="van-overlay" style="z-index: 1; background-color: red;" name="van-fade"></div>`;

exports[`default slot 1`] = `<div class="van-overlay" style="z-index: 1; display: none;" name="van-fade">Custom Default</div>`;

exports[`duration prop 1`] = `<div class="van-overlay" style="z-index: 1; animation-duration: 1s;" name="van-fade"></div>`;

exports[`z-index prop 1`] = `<div class="van-overlay" style="z-index: 99;" name="van-fade"></div>`;
