// Jest Snapshot v1, https://goo.gl/fbAQLP

exports[`filter prop 1`] = `
<div class="van-picker">
  <div class="van-hairline--top-bottom van-picker__toolbar"><button type="button" class="van-picker__cancel">取消</button><button type="button" class="van-picker__confirm">确认</button></div>
  <!---->
  <div class="van-picker__columns" style="height: 220px;">
    <div class="van-picker-column">
      <ul class="van-picker-column__wrapper" style="transform: translate3d(0, 88px, 0); transition-duration: 0ms; transition-property: none; line-height: 44px;">
        <li role="button" tabindex="0" class="van-ellipsis van-picker-column__item van-picker-column__item--selected" style="height: 44px;">2010</li>
        <li role="button" tabindex="0" class="van-ellipsis van-picker-column__item" style="height: 44px;">2020</li>
      </ul>
    </div>
    <div class="van-picker-column">
      <ul class="van-picker-column__wrapper" style="transform: translate3d(0, 88px, 0); transition-duration: 0ms; transition-property: none; line-height: 44px;">
        <li role="button" tabindex="0" class="van-ellipsis van-picker-column__item van-picker-column__item--selected" style="height: 44px;">05</li>
        <li role="button" tabindex="0" class="van-ellipsis van-picker-column__item" style="height: 44px;">10</li>
      </ul>
    </div>
    <div class="van-picker-column">
      <ul class="van-picker-column__wrapper" style="transform: translate3d(0, 88px, 0); transition-duration: 0ms; transition-property: none; line-height: 44px;">
        <li role="button" tabindex="0" class="van-ellipsis van-picker-column__item van-picker-column__item--selected" style="height: 44px;">05</li>
        <li role="button" tabindex="0" class="van-ellipsis van-picker-column__item" style="height: 44px;">10</li>
        <li role="button" tabindex="0" class="van-ellipsis van-picker-column__item" style="height: 44px;">15</li>
        <li role="button" tabindex="0" class="van-ellipsis van-picker-column__item" style="height: 44px;">20</li>
        <li role="button" tabindex="0" class="van-ellipsis van-picker-column__item" style="height: 44px;">25</li>
        <li role="button" tabindex="0" class="van-ellipsis van-picker-column__item" style="height: 44px;">30</li>
      </ul>
    </div>
    <div class="van-picker-column">
      <ul class="van-picker-column__wrapper" style="transform: translate3d(0, 88px, 0); transition-duration: 0ms; transition-property: none; line-height: 44px;">
        <li role="button" tabindex="0" class="van-ellipsis van-picker-column__item van-picker-column__item--selected" style="height: 44px;">00</li>
        <li role="button" tabindex="0" class="van-ellipsis van-picker-column__item" style="height: 44px;">05</li>
        <li role="button" tabindex="0" class="van-ellipsis van-picker-column__item" style="height: 44px;">10</li>
        <li role="button" tabindex="0" class="van-ellipsis van-picker-column__item" style="height: 44px;">15</li>
        <li role="button" tabindex="0" class="van-ellipsis van-picker-column__item" style="height: 44px;">20</li>
      </ul>
    </div>
    <div class="van-picker-column">
      <ul class="van-picker-column__wrapper" style="transform: translate3d(0, 88px, 0); transition-duration: 0ms; transition-property: none; line-height: 44px;">
        <li role="button" tabindex="0" class="van-ellipsis van-picker-column__item van-picker-column__item--selected" style="height: 44px;">00</li>
        <li role="button" tabindex="0" class="van-ellipsis van-picker-column__item" style="height: 44px;">05</li>
        <li role="button" tabindex="0" class="van-ellipsis van-picker-column__item" style="height: 44px;">10</li>
        <li role="button" tabindex="0" class="van-ellipsis van-picker-column__item" style="height: 44px;">15</li>
        <li role="button" tabindex="0" class="van-ellipsis van-picker-column__item" style="height: 44px;">20</li>
        <li role="button" tabindex="0" class="van-ellipsis van-picker-column__item" style="height: 44px;">25</li>
        <li role="button" tabindex="0" class="van-ellipsis van-picker-column__item" style="height: 44px;">30</li>
        <li role="button" tabindex="0" class="van-ellipsis van-picker-column__item" style="height: 44px;">35</li>
        <li role="button" tabindex="0" class="van-ellipsis van-picker-column__item" style="height: 44px;">40</li>
        <li role="button" tabindex="0" class="van-ellipsis van-picker-column__item" style="height: 44px;">45</li>
        <li role="button" tabindex="0" class="van-ellipsis van-picker-column__item" style="height: 44px;">50</li>
        <li role="button" tabindex="0" class="van-ellipsis van-picker-column__item" style="height: 44px;">55</li>
      </ul>
    </div>
    <div class="van-picker__mask" style="background-size: 100% 88px;"></div>
    <div class="van-hairline-unset--top-bottom van-picker__frame" style="height: 44px;"></div>
  </div>
  <!---->
</div>
`;

exports[`formatter prop 1`] = `
<div class="van-picker">
  <div class="van-hairline--top-bottom van-picker__toolbar"><button type="button" class="van-picker__cancel">取消</button><button type="button" class="van-picker__confirm">确认</button></div>
  <!---->
  <div class="van-picker__columns" style="height: 220px;">
    <div class="van-picker-column">
      <ul class="van-picker-column__wrapper" style="transform: translate3d(0, 88px, 0); transition-duration: 0ms; transition-property: none; line-height: 44px;">
        <li role="button" tabindex="0" class="van-ellipsis van-picker-column__item van-picker-column__item--selected" style="height: 44px;">2010 year</li>
        <li role="button" tabindex="0" class="van-ellipsis van-picker-column__item" style="height: 44px;">2020 year</li>
      </ul>
    </div>
    <div class="van-picker-column">
      <ul class="van-picker-column__wrapper" style="transform: translate3d(0, 88px, 0); transition-duration: 0ms; transition-property: none; line-height: 44px;">
        <li role="button" tabindex="0" class="van-ellipsis van-picker-column__item van-picker-column__item--selected" style="height: 44px;">05 month</li>
        <li role="button" tabindex="0" class="van-ellipsis van-picker-column__item" style="height: 44px;">10 month</li>
      </ul>
    </div>
    <div class="van-picker-column">
      <ul class="van-picker-column__wrapper" style="transform: translate3d(0, 88px, 0); transition-duration: 0ms; transition-property: none; line-height: 44px;">
        <li role="button" tabindex="0" class="van-ellipsis van-picker-column__item van-picker-column__item--selected" style="height: 44px;">05 day</li>
        <li role="button" tabindex="0" class="van-ellipsis van-picker-column__item" style="height: 44px;">10 day</li>
        <li role="button" tabindex="0" class="van-ellipsis van-picker-column__item" style="height: 44px;">15 day</li>
        <li role="button" tabindex="0" class="van-ellipsis van-picker-column__item" style="height: 44px;">20 day</li>
        <li role="button" tabindex="0" class="van-ellipsis van-picker-column__item" style="height: 44px;">25 day</li>
        <li role="button" tabindex="0" class="van-ellipsis van-picker-column__item" style="height: 44px;">30 day</li>
      </ul>
    </div>
    <div class="van-picker-column">
      <ul class="van-picker-column__wrapper" style="transform: translate3d(0, 88px, 0); transition-duration: 0ms; transition-property: none; line-height: 44px;">
        <li role="button" tabindex="0" class="van-ellipsis van-picker-column__item van-picker-column__item--selected" style="height: 44px;">00 hour</li>
        <li role="button" tabindex="0" class="van-ellipsis van-picker-column__item" style="height: 44px;">05 hour</li>
        <li role="button" tabindex="0" class="van-ellipsis van-picker-column__item" style="height: 44px;">10 hour</li>
        <li role="button" tabindex="0" class="van-ellipsis van-picker-column__item" style="height: 44px;">15 hour</li>
        <li role="button" tabindex="0" class="van-ellipsis van-picker-column__item" style="height: 44px;">20 hour</li>
      </ul>
    </div>
    <div class="van-picker-column">
      <ul class="van-picker-column__wrapper" style="transform: translate3d(0, 88px, 0); transition-duration: 0ms; transition-property: none; line-height: 44px;">
        <li role="button" tabindex="0" class="van-ellipsis van-picker-column__item van-picker-column__item--selected" style="height: 44px;">00 minute</li>
        <li role="button" tabindex="0" class="van-ellipsis van-picker-column__item" style="height: 44px;">05 minute</li>
        <li role="button" tabindex="0" class="van-ellipsis van-picker-column__item" style="height: 44px;">10 minute</li>
        <li role="button" tabindex="0" class="van-ellipsis van-picker-column__item" style="height: 44px;">15 minute</li>
        <li role="button" tabindex="0" class="van-ellipsis van-picker-column__item" style="height: 44px;">20 minute</li>
        <li role="button" tabindex="0" class="van-ellipsis van-picker-column__item" style="height: 44px;">25 minute</li>
        <li role="button" tabindex="0" class="van-ellipsis van-picker-column__item" style="height: 44px;">30 minute</li>
        <li role="button" tabindex="0" class="van-ellipsis van-picker-column__item" style="height: 44px;">35 minute</li>
        <li role="button" tabindex="0" class="van-ellipsis van-picker-column__item" style="height: 44px;">40 minute</li>
        <li role="button" tabindex="0" class="van-ellipsis van-picker-column__item" style="height: 44px;">45 minute</li>
        <li role="button" tabindex="0" class="van-ellipsis van-picker-column__item" style="height: 44px;">50 minute</li>
        <li role="button" tabindex="0" class="van-ellipsis van-picker-column__item" style="height: 44px;">55 minute</li>
      </ul>
    </div>
    <div class="van-picker__mask" style="background-size: 100% 88px;"></div>
    <div class="van-hairline-unset--top-bottom van-picker__frame" style="height: 44px;"></div>
  </div>
  <!---->
</div>
`;
